// Jest Snapshot v1, https://goo.gl/fbAQLP

exports[`[Button] should render with isDisabled 1`] = `
<View
  style={
    [
      {
        "alignSelf": "stretch",
        "backgroundColor": "#0030CF",
        "borderColor": "transparent",
        "borderRadius": 40.17857142857143,
        "borderWidth": 1,
        "flexDirection": "row",
        "height": 117.85714285714285,
        "justifyContent": "center",
        "paddingHorizontal": 15,
      },
      undefined,
      undefined,
      undefined,
      undefined,
      undefined,
      undefined,
      {
        "opacity": 0.4,
      },
      undefined,
    ]
  }
>
  <View
    style={
      {
        "alignItems": "center",
        "flexDirection": "row",
      }
    }
  />
</View>
`;
